
> astrobharat-client@1.0.0 build
> vite build

[36mvite v5.4.21 [32mbuilding for production...[36m[39m
transforming...
[32mΓ£ô[39m 677 modules transformed.
node.exe : [31mx[39m Build failed in 3.94s
At line:1 char:1
+ & "E:\/node.exe" "E:\/node_modules/npm/bin/npm-cli.js" run build
+ ~~~~~~~~~~~~~~~~~~~~~~~~~~~~~~~~~~~~~~~~~~~~~~~~~~~~~~~~~~~~~~~~
    + CategoryInfo          : NotSpecified: ([31mx[39m Build failed in 3.94s:String) [], RemoteException
    + FullyQualifiedErrorId : NativeCommandError
 
[31merror during build:
[31msrc/components/layout/Navbar.jsx (4:422): "GiEvilEye" is not exported by "node_modules/react-icons/gi/index.mjs", 
imported by "src/components/layout/Navbar.jsx".[31m
file: [36mD:/AstroBharatAI/AstroBharatAI aacharya website/client/src/components/layout/Navbar.jsx:4:422[31m
[33m
2: import { Link, NavLink, useLocation } from 'react-router-dom'
3: import { FiMenu, FiX, FiChevronDown, FiPhone, FiVideo, FiUser, FiSearch, FiChevronRight } from 'react-icons/fi'
4: import { GiSunrise, GiMoon, GiMaceHead, GiBookAura, GiScrollUnfurled, GiLotusFlower, GiCrowDive, GiCobra, GiSnake, 
GiCircleSparks, GiAries, GiTaurus, GiGemini, GiCancer, GiLeo, GiVirgo, GiLibra, GiScorpio, GiSagittarius, GiCapricorn, 
GiAquarius, GiPisces, GiBarefoot, GiCoins, GiElephantHead, GiTargetPrize, GiGoldNuggets, GiScales, GiLoveMystery, 
GiLovers, GiHeartBeats, GiScrollQuill, GiHealing, GiHourglass, GiTrident, GiEvilEye,...
                                                                                                                       
                                                                                                                       
                                                                                                                       
                                                                    ^
5: import logo from '../../assets/logo.svg'
6: import megaKundliMatching from '../../assets/mega_kundli_matching.png'
[31m
    at getRollupError (file:///D:/AstroBharatAI/AstroBharatAI%20aacharya%20website/client/node_modules/rollup/dist/es/s
hared/parseAst.js:402:41)
    at error (file:///D:/AstroBharatAI/AstroBharatAI%20aacharya%20website/client/node_modules/rollup/dist/es/shared/par
seAst.js:398:42)
    at Module.error (file:///D:/AstroBharatAI/AstroBharatAI%20aacharya%20website/client/node_modules/rollup/dist/es/sha
red/node-entry.js:17040:16)
    at Module.traceVariable (file:///D:/AstroBharatAI/AstroBharatAI%20aacharya%20website/client/node_modules/rollup/dis
t/es/shared/node-entry.js:17452:29)
    at ModuleScope.findVariable (file:///D:/AstroBharatAI/AstroBharatAI%20aacharya%20website/client/node_modules/rollup
/dist/es/shared/node-entry.js:15070:39)
    at FunctionScope.findVariable (file:///D:/AstroBharatAI/AstroBharatAI%20aacharya%20website/client/node_modules/roll
up/dist/es/shared/node-entry.js:5673:38)
    at FunctionBodyScope.findVariable (file:///D:/AstroBharatAI/AstroBharatAI%20aacharya%20website/client/node_modules/
rollup/dist/es/shared/node-entry.js:5673:38)
    at Identifier.bind (file:///D:/AstroBharatAI/AstroBharatAI%20aacharya%20website/client/node_modules/rollup/dist/es/
shared/node-entry.js:5447:40)
    at CallExpression.bind (file:///D:/AstroBharatAI/AstroBharatAI%20aacharya%20website/client/node_modules/rollup/dist
/es/shared/node-entry.js:2825:28)
    at CallExpression.bind (file:///D:/AstroBharatAI/AstroBharatAI%20aacharya%20website/client/node_modules/rollup/dist
/es/shared/node-entry.js:12179:15)[39m
